// Jest Snapshot v1, https://goo.gl/fbAQLP

exports[`<BooksList /> should render and match the snapshot 1`] = `
<h1>
  <span>
    This is the BooksList container!
  </span>
</h1>
`;
